Archive member included to satisfy reference by file (symbol)

/usr/local/Caskroom/gcc-arm-embedded/7-2017-q4-major/gcc-arm-none-eabi-7-2017-q4-major/bin/../lib/gcc/arm-none-eabi/7.2.1/../../../../arm-none-eabi/lib/thumb/v7-m/libc_nano.a(lib_a-exit.o)
                              /usr/local/Caskroom/gcc-arm-embedded/7-2017-q4-major/gcc-arm-none-eabi-7-2017-q4-major/bin/../lib/gcc/arm-none-eabi/7.2.1/../../../../arm-none-eabi/lib/thumb/v7-m/crt0.o (exit)
/usr/local/Caskroom/gcc-arm-embedded/7-2017-q4-major/gcc-arm-none-eabi-7-2017-q4-major/bin/../lib/gcc/arm-none-eabi/7.2.1/../../../../arm-none-eabi/lib/thumb/v7-m/libc_nano.a(lib_a-impure.o)
                              /usr/local/Caskroom/gcc-arm-embedded/7-2017-q4-major/gcc-arm-none-eabi-7-2017-q4-major/bin/../lib/gcc/arm-none-eabi/7.2.1/../../../../arm-none-eabi/lib/thumb/v7-m/libc_nano.a(lib_a-exit.o) (_global_impure_ptr)
/usr/local/Caskroom/gcc-arm-embedded/7-2017-q4-major/gcc-arm-none-eabi-7-2017-q4-major/bin/../lib/gcc/arm-none-eabi/7.2.1/../../../../arm-none-eabi/lib/thumb/v7-m/libc_nano.a(lib_a-init.o)
                              /usr/local/Caskroom/gcc-arm-embedded/7-2017-q4-major/gcc-arm-none-eabi-7-2017-q4-major/bin/../lib/gcc/arm-none-eabi/7.2.1/../../../../arm-none-eabi/lib/thumb/v7-m/crt0.o (__libc_init_array)
/usr/local/Caskroom/gcc-arm-embedded/7-2017-q4-major/gcc-arm-none-eabi-7-2017-q4-major/bin/../lib/gcc/arm-none-eabi/7.2.1/../../../../arm-none-eabi/lib/thumb/v7-m/libc_nano.a(lib_a-memset.o)
                              /usr/local/Caskroom/gcc-arm-embedded/7-2017-q4-major/gcc-arm-none-eabi-7-2017-q4-major/bin/../lib/gcc/arm-none-eabi/7.2.1/../../../../arm-none-eabi/lib/thumb/v7-m/crt0.o (memset)
/usr/local/Caskroom/gcc-arm-embedded/7-2017-q4-major/gcc-arm-none-eabi-7-2017-q4-major/bin/../lib/gcc/arm-none-eabi/7.2.1/../../../../arm-none-eabi/lib/thumb/v7-m/libnosys.a(_exit.o)
                              /usr/local/Caskroom/gcc-arm-embedded/7-2017-q4-major/gcc-arm-none-eabi-7-2017-q4-major/bin/../lib/gcc/arm-none-eabi/7.2.1/../../../../arm-none-eabi/lib/thumb/v7-m/libc_nano.a(lib_a-exit.o) (_exit)

Allocating common symbols
Common symbol       size              file

uwTick              0x4               build/stm32f1xx_hal.o
pFlash              0x20              build/stm32f1xx_hal_flash.o
hdma_usart1_tx      0x44              build/main.o
hdma_usart1_rx      0x44              build/main.o
huart1              0x40              build/main.o
aRxBuffer           0x1               build/main.o

Discarded input sections

 .text          0x0000000000000000        0x0 /usr/local/Caskroom/gcc-arm-embedded/7-2017-q4-major/gcc-arm-none-eabi-7-2017-q4-major/bin/../lib/gcc/arm-none-eabi/7.2.1/thumb/v7-m/crti.o
 .data          0x0000000000000000        0x0 /usr/local/Caskroom/gcc-arm-embedded/7-2017-q4-major/gcc-arm-none-eabi-7-2017-q4-major/bin/../lib/gcc/arm-none-eabi/7.2.1/thumb/v7-m/crti.o
 .bss           0x0000000000000000        0x0 /usr/local/Caskroom/gcc-arm-embedded/7-2017-q4-major/gcc-arm-none-eabi-7-2017-q4-major/bin/../lib/gcc/arm-none-eabi/7.2.1/thumb/v7-m/crti.o
 .data          0x0000000000000000        0x4 /usr/local/Caskroom/gcc-arm-embedded/7-2017-q4-major/gcc-arm-none-eabi-7-2017-q4-major/bin/../lib/gcc/arm-none-eabi/7.2.1/thumb/v7-m/crtbegin.o
 .text          0x0000000000000000       0x74 /usr/local/Caskroom/gcc-arm-embedded/7-2017-q4-major/gcc-arm-none-eabi-7-2017-q4-major/bin/../lib/gcc/arm-none-eabi/7.2.1/../../../../arm-none-eabi/lib/thumb/v7-m/crt0.o
 .data          0x0000000000000000        0x0 /usr/local/Caskroom/gcc-arm-embedded/7-2017-q4-major/gcc-arm-none-eabi-7-2017-q4-major/bin/../lib/gcc/arm-none-eabi/7.2.1/../../../../arm-none-eabi/lib/thumb/v7-m/crt0.o
 .bss           0x0000000000000000        0x0 /usr/local/Caskroom/gcc-arm-embedded/7-2017-q4-major/gcc-arm-none-eabi-7-2017-q4-major/bin/../lib/gcc/arm-none-eabi/7.2.1/../../../../arm-none-eabi/lib/thumb/v7-m/crt0.o
 .ARM.extab     0x0000000000000000        0x0 /usr/local/Caskroom/gcc-arm-embedded/7-2017-q4-major/gcc-arm-none-eabi-7-2017-q4-major/bin/../lib/gcc/arm-none-eabi/7.2.1/../../../../arm-none-eabi/lib/thumb/v7-m/crt0.o
 .ARM.exidx     0x0000000000000000        0x8 /usr/local/Caskroom/gcc-arm-embedded/7-2017-q4-major/gcc-arm-none-eabi-7-2017-q4-major/bin/../lib/gcc/arm-none-eabi/7.2.1/../../../../arm-none-eabi/lib/thumb/v7-m/crt0.o
 .ARM.attributes
                0x0000000000000000       0x1b /usr/local/Caskroom/gcc-arm-embedded/7-2017-q4-major/gcc-arm-none-eabi-7-2017-q4-major/bin/../lib/gcc/arm-none-eabi/7.2.1/../../../../arm-none-eabi/lib/thumb/v7-m/crt0.o
 .text          0x0000000000000000        0x0 build/stm32f1xx_hal.o
 .data          0x0000000000000000        0x0 build/stm32f1xx_hal.o
 .bss           0x0000000000000000        0x0 build/stm32f1xx_hal.o
 .text.HAL_MspInit
                0x0000000000000000        0x2 build/stm32f1xx_hal.o
 .text.HAL_MspDeInit
                0x0000000000000000        0x2 build/stm32f1xx_hal.o
 .text.HAL_DeInit
[...]
Memory Configuration

Name             Origin             Length             Attributes
RAM              0x0000000020000000 0x0000000000005000 xrw
FLASH            0x0000000008000000 0x0000000000010000 xr
*default*        0x0000000000000000 0xffffffffffffffff

Linker script and memory map

LOAD /usr/local/Caskroom/gcc-arm-embedded/7-2017-q4-major/gcc-arm-none-eabi-7-2017-q4-major/bin/../lib/gcc/arm-none-eabi/7.2.1/thumb/v7-m/crti.o
LOAD /usr/local/Caskroom/gcc-arm-embedded/7-2017-q4-major/gcc-arm-none-eabi-7-2017-q4-major/bin/../lib/gcc/arm-none-eabi/7.2.1/thumb/v7-m/crtbegin.o
LOAD /usr/local/Caskroom/gcc-arm-embedded/7-2017-q4-major/gcc-arm-none-eabi-7-2017-q4-major/bin/../lib/gcc/arm-none-eabi/7.2.1/../../../../arm-none-eabi/lib/thumb/v7-m/crt0.o
LOAD build/stm32f1xx_hal.o
LOAD build/stm32f1xx_hal_rcc.o
LOAD build/stm32f1xx_hal_uart.o
LOAD build/stm32f1xx_hal_cortex.o
LOAD build/stm32f1xx_hal_msp.o
LOAD build/stm32f1xx_hal_tim_ex.o
LOAD build/system_stm32f1xx.o
LOAD build/stm32f1xx_hal_gpio.o
LOAD build/stm32f1xx_hal_pwr.o
LOAD build/main.o
LOAD build/stm32f1xx_hal_rcc_ex.o
LOAD build/stm32f1xx_hal_flash.o
LOAD build/stm32f1xx_it.o
LOAD build/stm32f1xx_hal_gpio_ex.o
LOAD build/stm32f1xx_hal_flash_ex.o
LOAD build/stm32f1xx_hal_tim.o
LOAD build/stm32f1xx_hal_dma.o
LOAD build/startup_stm32f103xb.o
LOAD /usr/local/Caskroom/gcc-arm-embedded/7-2017-q4-major/gcc-arm-none-eabi-7-2017-q4-major/bin/../lib/gcc/arm-none-eabi/7.2.1/../../../../arm-none-eabi/lib/thumb/v7-m/libc_nano.a
LOAD /usr/local/Caskroom/gcc-arm-embedded/7-2017-q4-major/gcc-arm-none-eabi-7-2017-q4-major/bin/../lib/gcc/arm-none-eabi/7.2.1/../../../../arm-none-eabi/lib/thumb/v7-m/libm.a
LOAD /usr/local/Caskroom/gcc-arm-embedded/7-2017-q4-major/gcc-arm-none-eabi-7-2017-q4-major/bin/../lib/gcc/arm-none-eabi/7.2.1/../../../../arm-none-eabi/lib/thumb/v7-m/libnosys.a
START GROUP
LOAD /usr/local/Caskroom/gcc-arm-embedded/7-2017-q4-major/gcc-arm-none-eabi-7-2017-q4-major/bin/../lib/gcc/arm-none-eabi/7.2.1/thumb/v7-m/libgcc.a
LOAD /usr/local/Caskroom/gcc-arm-embedded/7-2017-q4-major/gcc-arm-none-eabi-7-2017-q4-major/bin/../lib/gcc/arm-none-eabi/7.2.1/../../../../arm-none-eabi/lib/thumb/v7-m/libc_nano.a
END GROUP
START GROUP
LOAD /usr/local/Caskroom/gcc-arm-embedded/7-2017-q4-major/gcc-arm-none-eabi-7-2017-q4-major/bin/../lib/gcc/arm-none-eabi/7.2.1/thumb/v7-m/libgcc.a
LOAD /usr/local/Caskroom/gcc-arm-embedded/7-2017-q4-major/gcc-arm-none-eabi-7-2017-q4-major/bin/../lib/gcc/arm-none-eabi/7.2.1/../../../../arm-none-eabi/lib/thumb/v7-m/libc_nano.a
END GROUP
LOAD /usr/local/Caskroom/gcc-arm-embedded/7-2017-q4-major/gcc-arm-none-eabi-7-2017-q4-major/bin/../lib/gcc/arm-none-eabi/7.2.1/thumb/v7-m/crtend.o
LOAD /usr/local/Caskroom/gcc-arm-embedded/7-2017-q4-major/gcc-arm-none-eabi-7-2017-q4-major/bin/../lib/gcc/arm-none-eabi/7.2.1/thumb/v7-m/crtn.o
                0x0000000020005000                _estack = 0x20005000
                0x0000000000000200                _Min_Heap_Size = 0x200
                0x0000000000000400                _Min_Stack_Size = 0x400

.isr_vector     0x0000000008000000      0x10c
                0x0000000008000000                . = ALIGN (0x4)
 *(.isr_vector)
 .isr_vector    0x0000000008000000      0x10c build/startup_stm32f103xb.o
                0x0000000008000000                g_pfnVectors
                0x000000000800010c                . = ALIGN (0x4)

.text           0x000000000800010c     0x186c
                0x000000000800010c                . = ALIGN (0x4)
 *(.text)
 .text          0x000000000800010c       0x40 /usr/local/Caskroom/gcc-arm-embedded/7-2017-q4-major/gcc-arm-none-eabi-7-2017-q4-major/bin/../lib/gcc/arm-none-eabi/7.2.1/thumb/v7-m/crtbegin.o
 *(.text*)
 .text.HAL_InitTick
                0x000000000800014c       0x4c build/stm32f1xx_hal.o
                0x000000000800014c                HAL_InitTick
 .text.HAL_Init
                0x0000000008000198       0x24 build/stm32f1xx_hal.o
                0x0000000008000198                HAL_Init
 .text.HAL_IncTick
                0x00000000080001bc       0x18 build/stm32f1xx_hal.o
                0x00000000080001bc                HAL_IncTick
 .text.HAL_GetTick
                0x00000000080001d4        0xc build/stm32f1xx_hal.o
                0x00000000080001d4                HAL_GetTick
 .text.HAL_Delay
                0x00000000080001e0       0x28 build/stm32f1xx_hal.o
                0x00000000080001e0                HAL_Delay
 .text.RCC_Delay
                0x0000000008000208       0x2c build/stm32f1xx_hal_rcc.o
 .text.HAL_RCC_OscConfig
                0x0000000008000234      0x3dc build/stm32f1xx_hal_rcc.o
                0x0000000008000234                HAL_RCC_OscConfig
 .text.HAL_RCC_GetSysClockFreq
                0x0000000008000610       0x70 build/stm32f1xx_hal_rcc.o
                0x0000000008000610                HAL_RCC_GetSysClockFreq
 .text.HAL_RCC_ClockConfig
                0x0000000008000680      0x178 build/stm32f1xx_hal_rcc.o
                0x0000000008000680                HAL_RCC_ClockConfig
 .text.HAL_RCC_GetHCLKFreq
                0x00000000080007f8        0xc build/stm32f1xx_hal_rcc.o
                0x00000000080007f8                HAL_RCC_GetHCLKFreq
 .text.HAL_RCC_GetPCLK1Freq
                0x0000000008000804       0x20 build/stm32f1xx_hal_rcc.o
                0x0000000008000804                HAL_RCC_GetPCLK1Freq
 .text.HAL_RCC_GetPCLK2Freq
                0x0000000008000824       0x20 build/stm32f1xx_hal_rcc.o
                0x0000000008000824                HAL_RCC_GetPCLK2Freq
 .text.UART_EndTxTransfer
                0x0000000008000844       0x12 build/stm32f1xx_hal_uart.o
 .text.UART_EndRxTransfer
                0x0000000008000856       0x1c build/stm32f1xx_hal_uart.o
 .text.UART_Transmit_IT
                0x0000000008000872       0x68 build/stm32f1xx_hal_uart.o
 *fill*         0x00000000080008da        0x2 
 .text.UART_SetConfig
                0x00000000080008dc      0x1ac build/stm32f1xx_hal_uart.o
 .text.HAL_UART_Init
                0x0000000008000a88       0x5e build/stm32f1xx_hal_uart.o
                0x0000000008000a88                HAL_UART_Init
 *fill*         0x0000000008000ae6        0x2 
 .text.HAL_UART_Transmit_DMA
                0x0000000008000ae8       0x8c build/stm32f1xx_hal_uart.o
                0x0000000008000ae8                HAL_UART_Transmit_DMA
 .text.HAL_UART_Receive_DMA
                0x0000000008000b74       0xa8 build/stm32f1xx_hal_uart.o
                0x0000000008000b74                HAL_UART_Receive_DMA
 .text.HAL_UART_TxCpltCallback
                0x0000000008000c1c        0x2 build/stm32f1xx_hal_uart.o
                0x0000000008000c1c                HAL_UART_TxCpltCallback
 .text.UART_DMATransmitCplt
                0x0000000008000c1e       0x30 build/stm32f1xx_hal_uart.o
 .text.UART_EndTransmit_IT
                0x0000000008000c4e       0x1a build/stm32f1xx_hal_uart.o
 .text.HAL_UART_TxHalfCpltCallback
                0x0000000008000c68        0x2 build/stm32f1xx_hal_uart.o
                0x0000000008000c68                HAL_UART_TxHalfCpltCallback
 .text.UART_DMATxHalfCplt
                0x0000000008000c6a        0xa build/stm32f1xx_hal_uart.o
 .text.HAL_UART_RxCpltCallback
                0x0000000008000c74        0x2 build/stm32f1xx_hal_uart.o
                0x0000000008000c74                HAL_UART_RxCpltCallback
 .text.UART_DMAReceiveCplt
                0x0000000008000c76       0x3e build/stm32f1xx_hal_uart.o
 .text.UART_Receive_IT
                0x0000000008000cb4       0x9c build/stm32f1xx_hal_uart.o
 .text.HAL_UART_RxHalfCpltCallback
                0x0000000008000d50        0x2 build/stm32f1xx_hal_uart.o
                0x0000000008000d50                HAL_UART_RxHalfCpltCallback
 .text.UART_DMARxHalfCplt
                0x0000000008000d52        0xa build/stm32f1xx_hal_uart.o
 .text.HAL_UART_ErrorCallback
                0x0000000008000d5c        0x2 build/stm32f1xx_hal_uart.o
                0x0000000008000d5c                HAL_UART_ErrorCallback
 .text.UART_DMAError
                0x0000000008000d5e       0x58 build/stm32f1xx_hal_uart.o
 *fill*         0x0000000008000db6        0x2 
 .text.HAL_UART_IRQHandler
                0x0000000008000db8      0x120 build/stm32f1xx_hal_uart.o
                0x0000000008000db8                HAL_UART_IRQHandler
 .text.UART_DMAAbortOnError
                0x0000000008000ed8       0x10 build/stm32f1xx_hal_uart.o
 .text.HAL_UART_GetState
                0x0000000008000ee8        0xc build/stm32f1xx_hal_uart.o
                0x0000000008000ee8                HAL_UART_GetState
 .text.HAL_NVIC_SetPriorityGrouping
                0x0000000008000ef4       0x24 build/stm32f1xx_hal_cortex.o
                0x0000000008000ef4                HAL_NVIC_SetPriorityGrouping
 .text.HAL_NVIC_SetPriority
                0x0000000008000f18       0x68 build/stm32f1xx_hal_cortex.o
                0x0000000008000f18                HAL_NVIC_SetPriority
 .text.HAL_NVIC_EnableIRQ
                0x0000000008000f80       0x18 build/stm32f1xx_hal_cortex.o
                0x0000000008000f80                HAL_NVIC_EnableIRQ
 .text.HAL_SYSTICK_Config
                0x0000000008000f98       0x2c build/stm32f1xx_hal_cortex.o
                0x0000000008000f98                HAL_SYSTICK_Config
 .text.HAL_SYSTICK_CLKSourceConfig
                0x0000000008000fc4       0x20 build/stm32f1xx_hal_cortex.o
                0x0000000008000fc4                HAL_SYSTICK_CLKSourceConfig
 .text.HAL_SYSTICK_Callback
                0x0000000008000fe4        0x2 build/stm32f1xx_hal_cortex.o
                0x0000000008000fe4                HAL_SYSTICK_Callback
 .text.HAL_SYSTICK_IRQHandler
                0x0000000008000fe6        0x8 build/stm32f1xx_hal_cortex.o
                0x0000000008000fe6                HAL_SYSTICK_IRQHandler
 *fill*         0x0000000008000fee        0x2 
 .text.HAL_MspInit
                0x0000000008000ff0       0x90 build/stm32f1xx_hal_msp.o
                0x0000000008000ff0                HAL_MspInit
 .text.HAL_UART_MspInit
                0x0000000008001080       0xe0 build/stm32f1xx_hal_msp.o
                0x0000000008001080                HAL_UART_MspInit
 .text.SystemInit
                0x0000000008001160       0x4c build/system_stm32f1xx.o
                0x0000000008001160                SystemInit
 .text.HAL_GPIO_Init
                0x00000000080011ac      0x1d4 build/stm32f1xx_hal_gpio.o
                0x00000000080011ac                HAL_GPIO_Init
 .text.HAL_GPIO_WritePin
                0x0000000008001380        0xc build/stm32f1xx_hal_gpio.o
                0x0000000008001380                HAL_GPIO_WritePin
 .text.HAL_GPIO_TogglePin
                0x000000000800138c        0x8 build/stm32f1xx_hal_gpio.o
                0x000000000800138c                HAL_GPIO_TogglePin
 .text.MX_GPIO_Init
                0x0000000008001394       0x5c build/main.o
 .text.MX_DMA_Init
                0x00000000080013f0       0x44 build/main.o
 .text._Error_Handler
                0x0000000008001434        0x2 build/main.o
                0x0000000008001434                _Error_Handler
 *fill*         0x0000000008001436        0x2 
 .text.MX_USART1_UART_Init
                0x0000000008001438       0x3c build/main.o
 .text.SystemClock_Config
                0x0000000008001474       0x74 build/main.o
                0x0000000008001474                SystemClock_Config
 .text.main     0x00000000080014e8       0xa4 build/main.o
                0x00000000080014e8                main
 .text.NMI_Handler
                0x000000000800158c        0x2 build/stm32f1xx_it.o
                0x000000000800158c                NMI_Handler
 .text.HardFault_Handler
                0x000000000800158e        0x2 build/stm32f1xx_it.o
                0x000000000800158e                HardFault_Handler
 .text.MemManage_Handler
                0x0000000008001590        0x2 build/stm32f1xx_it.o
                0x0000000008001590                MemManage_Handler
 .text.BusFault_Handler
                0x0000000008001592        0x2 build/stm32f1xx_it.o
                0x0000000008001592                BusFault_Handler
 .text.UsageFault_Handler
                0x0000000008001594        0x2 build/stm32f1xx_it.o
                0x0000000008001594                UsageFault_Handler
 .text.SVC_Handler
                0x0000000008001596        0x2 build/stm32f1xx_it.o
                0x0000000008001596                SVC_Handler
 .text.DebugMon_Handler
                0x0000000008001598        0x2 build/stm32f1xx_it.o
                0x0000000008001598                DebugMon_Handler
 .text.PendSV_Handler
                0x000000000800159a        0x2 build/stm32f1xx_it.o
                0x000000000800159a                PendSV_Handler
 .text.SysTick_Handler
                0x000000000800159c        0xc build/stm32f1xx_it.o
                0x000000000800159c                SysTick_Handler
 .text.DMA1_Channel4_IRQHandler
                0x00000000080015a8       0x10 build/stm32f1xx_it.o
                0x00000000080015a8                DMA1_Channel4_IRQHandler
 .text.DMA1_Channel5_IRQHandler
                0x00000000080015b8       0x10 build/stm32f1xx_it.o
                0x00000000080015b8                DMA1_Channel5_IRQHandler
 .text.USART1_IRQHandler
                0x00000000080015c8       0x10 build/stm32f1xx_it.o
                0x00000000080015c8                USART1_IRQHandler
 .text.DMA_SetConfig
                0x00000000080015d8       0x2c build/stm32f1xx_hal_dma.o
 .text.HAL_DMA_Init
                0x0000000008001604       0x78 build/stm32f1xx_hal_dma.o
                0x0000000008001604                HAL_DMA_Init
 .text.HAL_DMA_Start_IT
                0x000000000800167c       0x74 build/stm32f1xx_hal_dma.o
                0x000000000800167c                HAL_DMA_Start_IT
 .text.HAL_DMA_Abort_IT
                0x00000000080016f0       0x98 build/stm32f1xx_hal_dma.o
                0x00000000080016f0                HAL_DMA_Abort_IT
 .text.HAL_DMA_IRQHandler
                0x0000000008001788      0x144 build/stm32f1xx_hal_dma.o
                0x0000000008001788                HAL_DMA_IRQHandler
 .text.Reset_Handler
                0x00000000080018cc       0x48 build/startup_stm32f103xb.o
                0x00000000080018cc                Reset_Handler
 .text.Default_Handler
                0x0000000008001914        0x2 build/startup_stm32f103xb.o
                0x0000000008001914                USBWakeUp_IRQHandler
                0x0000000008001914                EXTI2_IRQHandler
                0x0000000008001914                TIM1_CC_IRQHandler
                0x0000000008001914                PVD_IRQHandler
                0x0000000008001914                EXTI3_IRQHandler
                0x0000000008001914                EXTI0_IRQHandler
                0x0000000008001914                I2C2_EV_IRQHandler
                0x0000000008001914                ADC1_2_IRQHandler
                0x0000000008001914                SPI1_IRQHandler
                0x0000000008001914                TAMPER_IRQHandler
                0x0000000008001914                USART3_IRQHandler
                0x0000000008001914                RTC_IRQHandler
                0x0000000008001914                DMA1_Channel7_IRQHandler
                0x0000000008001914                CAN1_RX1_IRQHandler
                0x0000000008001914                TIM4_IRQHandler
                0x0000000008001914                I2C1_EV_IRQHandler
                0x0000000008001914                DMA1_Channel6_IRQHandler
                0x0000000008001914                TIM3_IRQHandler
                0x0000000008001914                RCC_IRQHandler
                0x0000000008001914                TIM1_TRG_COM_IRQHandler
                0x0000000008001914                DMA1_Channel1_IRQHandler
                0x0000000008001914                Default_Handler
                0x0000000008001914                EXTI15_10_IRQHandler
                0x0000000008001914                EXTI9_5_IRQHandler
                0x0000000008001914                SPI2_IRQHandler
                0x0000000008001914                EXTI4_IRQHandler
                0x0000000008001914                USB_LP_CAN1_RX0_IRQHandler
                0x0000000008001914                USB_HP_CAN1_TX_IRQHandler
                0x0000000008001914                DMA1_Channel3_IRQHandler
                0x0000000008001914                TIM1_UP_IRQHandler
                0x0000000008001914                WWDG_IRQHandler
                0x0000000008001914                TIM2_IRQHandler
                0x0000000008001914                TIM1_BRK_IRQHandler
                0x0000000008001914                EXTI1_IRQHandler
                0x0000000008001914                USART2_IRQHandler
                0x0000000008001914                I2C2_ER_IRQHandler
                0x0000000008001914                DMA1_Channel2_IRQHandler
                0x0000000008001914                CAN1_SCE_IRQHandler
                0x0000000008001914                FLASH_IRQHandler
                0x0000000008001914                I2C1_ER_IRQHandler
                0x0000000008001914                RTC_Alarm_IRQHandler
 *fill*         0x0000000008001916        0x2 
 .text.__libc_init_array
                0x0000000008001918       0x48 /usr/local/Caskroom/gcc-arm-embedded/7-2017-q4-major/gcc-arm-none-eabi-7-2017-q4-major/bin/../lib/gcc/arm-none-eabi/7.2.1/../../../../arm-none-eabi/lib/thumb/v7-m/libc_nano.a(lib_a-init.o)
                0x0000000008001918                __libc_init_array
 *(.glue_7)
 .glue_7        0x0000000008001960        0x0 linker stubs
 *(.glue_7t)
 .glue_7t       0x0000000008001960        0x0 linker stubs
 *(.eh_frame)
 .eh_frame      0x0000000008001960        0x0 /usr/local/Caskroom/gcc-arm-embedded/7-2017-q4-major/gcc-arm-none-eabi-7-2017-q4-major/bin/../lib/gcc/arm-none-eabi/7.2.1/thumb/v7-m/crtbegin.o
 *(.init)
 .init          0x0000000008001960        0x4 /usr/local/Caskroom/gcc-arm-embedded/7-2017-q4-major/gcc-arm-none-eabi-7-2017-q4-major/bin/../lib/gcc/arm-none-eabi/7.2.1/thumb/v7-m/crti.o
                0x0000000008001960                _init
 .init          0x0000000008001964        0x8 /usr/local/Caskroom/gcc-arm-embedded/7-2017-q4-major/gcc-arm-none-eabi-7-2017-q4-major/bin/../lib/gcc/arm-none-eabi/7.2.1/thumb/v7-m/crtn.o
 *(.fini)
 .fini          0x000000000800196c        0x4 /usr/local/Caskroom/gcc-arm-embedded/7-2017-q4-major/gcc-arm-none-eabi-7-2017-q4-major/bin/../lib/gcc/arm-none-eabi/7.2.1/thumb/v7-m/crti.o
                0x000000000800196c                _fini
 .fini          0x0000000008001970        0x8 /usr/local/Caskroom/gcc-arm-embedded/7-2017-q4-major/gcc-arm-none-eabi-7-2017-q4-major/bin/../lib/gcc/arm-none-eabi/7.2.1/thumb/v7-m/crtn.o
                0x0000000008001978                . = ALIGN (0x4)
                0x0000000008001978                _etext = .

.vfp11_veneer   0x0000000008001978        0x0
 .vfp11_veneer  0x0000000008001978        0x0 linker stubs

.v4_bx          0x0000000008001978        0x0
 .v4_bx         0x0000000008001978        0x0 linker stubs

.iplt           0x0000000008001978        0x0
 .iplt          0x0000000008001978        0x0 /usr/local/Caskroom/gcc-arm-embedded/7-2017-q4-major/gcc-arm-none-eabi-7-2017-q4-major/bin/../lib/gcc/arm-none-eabi/7.2.1/thumb/v7-m/crtbegin.o

.rodata         0x0000000008001978       0x50
                0x0000000008001978                . = ALIGN (0x4)
 *(.rodata)
 .rodata        0x0000000008001978       0x12 build/stm32f1xx_hal_rcc.o
 *(.rodata*)
 *fill*         0x000000000800198a        0x2 
 .rodata.HAL_UART_MspInit.str1.4
                0x000000000800198c       0x18 build/stm32f1xx_hal_msp.o
 .rodata.AHBPrescTable
                0x00000000080019a4       0x10 build/system_stm32f1xx.o
                0x00000000080019a4                AHBPrescTable
 .rodata.APBPrescTable
                0x00000000080019b4        0x8 build/system_stm32f1xx.o
                0x00000000080019b4                APBPrescTable
 .rodata.MX_USART1_UART_Init.str1.4
                0x00000000080019bc        0xc build/main.o
                                          0xb (size before relaxing)
                0x00000000080019c8                . = ALIGN (0x4)

.rel.dyn        0x00000000080019c8        0x0
 .rel.iplt      0x00000000080019c8        0x0 /usr/local/Caskroom/gcc-arm-embedded/7-2017-q4-major/gcc-arm-none-eabi-7-2017-q4-major/bin/../lib/gcc/arm-none-eabi/7.2.1/thumb/v7-m/crtbegin.o

.ARM.extab
 *(.ARM.extab* .gnu.linkonce.armextab.*)

.ARM            0x00000000080019c8        0x0
                0x00000000080019c8                __exidx_start = .
 *(.ARM.exidx*)
                0x00000000080019c8                __exidx_end = .

.preinit_array  0x00000000080019c8        0x0
                0x00000000080019c8                PROVIDE (__preinit_array_start, .)
 *(.preinit_array*)
                0x00000000080019c8                PROVIDE (__preinit_array_end, .)

.init_array     0x00000000080019c8        0x4
                0x00000000080019c8                PROVIDE (__init_array_start, .)
 *(SORT_BY_NAME(.init_array.*))
 *(.init_array*)
 .init_array    0x00000000080019c8        0x4 /usr/local/Caskroom/gcc-arm-embedded/7-2017-q4-major/gcc-arm-none-eabi-7-2017-q4-major/bin/../lib/gcc/arm-none-eabi/7.2.1/thumb/v7-m/crtbegin.o
                0x00000000080019cc                PROVIDE (__init_array_end, .)

.fini_array     0x00000000080019cc        0x4
                [!provide]                        PROVIDE (__fini_array_start, .)
 *(SORT_BY_NAME(.fini_array.*))
 *(.fini_array*)
 .fini_array    0x00000000080019cc        0x4 /usr/local/Caskroom/gcc-arm-embedded/7-2017-q4-major/gcc-arm-none-eabi-7-2017-q4-major/bin/../lib/gcc/arm-none-eabi/7.2.1/thumb/v7-m/crtbegin.o
                [!provide]                        PROVIDE (__fini_array_end, .)
                0x00000000080019d0                _sidata = LOADADDR (.data)

.data           0x0000000020000000       0x7c load address 0x00000000080019d0
                0x0000000020000000                . = ALIGN (0x4)
                0x0000000020000000                _sdata = .
 *(.data)
 *(.data*)
 .data.uwTickFreq
                0x0000000020000000        0x1 build/stm32f1xx_hal.o
                0x0000000020000000                uwTickFreq
 *fill*         0x0000000020000001        0x3 
 .data.uwTickPrio
                0x0000000020000004        0x4 build/stm32f1xx_hal.o
                0x0000000020000004                uwTickPrio
 .data.SystemCoreClock
                0x0000000020000008        0x4 build/system_stm32f1xx.o
                0x0000000020000008                SystemCoreClock
 .data.TXBUFFERSIZE
                0x000000002000000c        0x1 build/main.o
                0x000000002000000c                TXBUFFERSIZE
 *fill*         0x000000002000000d        0x3 
 .data.aTxBuffer
                0x0000000020000010       0x6c build/main.o
                0x0000000020000010                aTxBuffer
                0x000000002000007c                . = ALIGN (0x4)
                0x000000002000007c                _edata = .

.igot.plt       0x000000002000007c        0x0 load address 0x0000000008001a4c
 .igot.plt      0x000000002000007c        0x0 /usr/local/Caskroom/gcc-arm-embedded/7-2017-q4-major/gcc-arm-none-eabi-7-2017-q4-major/bin/../lib/gcc/arm-none-eabi/7.2.1/thumb/v7-m/crtbegin.o
                0x000000002000007c                . = ALIGN (0x4)

.bss            0x000000002000007c       0xec load address 0x0000000008001a4c
                0x000000002000007c                _sbss = .
                0x000000002000007c                __bss_start__ = _sbss
 *(.bss)
 .bss           0x000000002000007c       0x1c /usr/local/Caskroom/gcc-arm-embedded/7-2017-q4-major/gcc-arm-none-eabi-7-2017-q4-major/bin/../lib/gcc/arm-none-eabi/7.2.1/thumb/v7-m/crtbegin.o
 *(.bss*)
 *(COMMON)
 COMMON         0x0000000020000098        0x4 build/stm32f1xx_hal.o
                0x0000000020000098                uwTick
 COMMON         0x000000002000009c       0xc9 build/main.o
                0x000000002000009c                hdma_usart1_tx
                0x00000000200000e0                hdma_usart1_rx
                0x0000000020000124                huart1
                0x0000000020000164                aRxBuffer
                0x0000000020000168                . = ALIGN (0x4)
 *fill*         0x0000000020000165        0x3 
                0x0000000020000168                _ebss = .
                0x0000000020000168                __bss_end__ = _ebss

._user_heap_stack
                0x0000000020000168      0x600 load address 0x0000000008001a4c
                0x0000000020000168                . = ALIGN (0x8)
                [!provide]                        PROVIDE (end, .)
                [!provide]                        PROVIDE (_end, .)
                0x0000000020000368                . = (. + _Min_Heap_Size)
 *fill*         0x0000000020000168      0x200 
                0x0000000020000768                . = (. + _Min_Stack_Size)
 *fill*         0x0000000020000368      0x400 
                0x0000000020000768                . = ALIGN (0x8)

/DISCARD/
 libc.a(*)
 libm.a(*)
 libgcc.a(*)

.ARM.attributes
                0x0000000000000000       0x29
 *(.ARM.attributes)
 .ARM.attributes
                0x0000000000000000       0x1d /usr/local/Caskroom/gcc-arm-embedded/7-2017-q4-major/gcc-arm-none-eabi-7-2017-q4-major/bin/../lib/gcc/arm-none-eabi/7.2.1/thumb/v7-m/crti.o
 .ARM.attributes
                0x000000000000001d       0x2d /usr/local/Caskroom/gcc-arm-embedded/7-2017-q4-major/gcc-arm-none-eabi-7-2017-q4-major/bin/../lib/gcc/arm-none-eabi/7.2.1/thumb/v7-m/crtbegin.o
 .ARM.attributes
                0x000000000000004a       0x33 build/stm32f1xx_hal.o
 .ARM.attributes
                0x000000000000007d       0x33 build/stm32f1xx_hal_rcc.o
 .ARM.attributes
                0x00000000000000b0       0x33 build/stm32f1xx_hal_uart.o
 .ARM.attributes
                0x00000000000000e3       0x33 build/stm32f1xx_hal_cortex.o
 .ARM.attributes
                0x0000000000000116       0x33 build/stm32f1xx_hal_msp.o
 .ARM.attributes
                0x0000000000000149       0x33 build/system_stm32f1xx.o
 .ARM.attributes
                0x000000000000017c       0x33 build/stm32f1xx_hal_gpio.o
 .ARM.attributes
                0x00000000000001af       0x33 build/main.o
 .ARM.attributes
                0x00000000000001e2       0x33 build/stm32f1xx_it.o
 .ARM.attributes
                0x0000000000000215       0x33 build/stm32f1xx_hal_dma.o
 .ARM.attributes
                0x0000000000000248       0x21 build/startup_stm32f103xb.o
 .ARM.attributes
                0x0000000000000269       0x2d /usr/local/Caskroom/gcc-arm-embedded/7-2017-q4-major/gcc-arm-none-eabi-7-2017-q4-major/bin/../lib/gcc/arm-none-eabi/7.2.1/../../../../arm-none-eabi/lib/thumb/v7-m/libc_nano.a(lib_a-init.o)
 .ARM.attributes
                0x0000000000000296       0x1d /usr/local/Caskroom/gcc-arm-embedded/7-2017-q4-major/gcc-arm-none-eabi-7-2017-q4-major/bin/../lib/gcc/arm-none-eabi/7.2.1/thumb/v7-m/crtn.o
OUTPUT(build/stm32_uart_example_prj.elf elf32-littlearm)

.debug_info     0x0000000000000000     0xc7e8
 .debug_info    0x0000000000000000     0x112a build/stm32f1xx_hal.o
 .debug_info    0x000000000000112a     0x1382 build/stm32f1xx_hal_rcc.o
 .debug_info    0x00000000000024ac     0x20c5 build/stm32f1xx_hal_uart.o
 .debug_info    0x0000000000004571     0x15fb build/stm32f1xx_hal_cortex.o
 .debug_info    0x0000000000005b6c     0x1539 build/stm32f1xx_hal_msp.o
 .debug_info    0x00000000000070a5      0xd44 build/system_stm32f1xx.o
 .debug_info    0x0000000000007de9      0xfd3 build/stm32f1xx_hal_gpio.o
 .debug_info    0x0000000000008dbc     0x1858 build/main.o
 .debug_info    0x000000000000a614     0x1045 build/stm32f1xx_it.o
 .debug_info    0x000000000000b659     0x116d build/stm32f1xx_hal_dma.o
 .debug_info    0x000000000000c7c6       0x22 build/startup_stm32f103xb.o

.debug_abbrev   0x0000000000000000     0x1be5
 .debug_abbrev  0x0000000000000000      0x2f0 build/stm32f1xx_hal.o
 .debug_abbrev  0x00000000000002f0      0x332 build/stm32f1xx_hal_rcc.o
 .debug_abbrev  0x0000000000000622      0x338 build/stm32f1xx_hal_uart.o
 .debug_abbrev  0x000000000000095a      0x3d3 build/stm32f1xx_hal_cortex.o
 .debug_abbrev  0x0000000000000d2d      0x242 build/stm32f1xx_hal_msp.o
 .debug_abbrev  0x0000000000000f6f      0x209 build/system_stm32f1xx.o
 .debug_abbrev  0x0000000000001178      0x2be build/stm32f1xx_hal_gpio.o
 .debug_abbrev  0x0000000000001436      0x2c8 build/main.o
 .debug_abbrev  0x00000000000016fe      0x1f2 build/stm32f1xx_it.o
 .debug_abbrev  0x00000000000018f0      0x2e3 build/stm32f1xx_hal_dma.o
 .debug_abbrev  0x0000000000001bd3       0x12 build/startup_stm32f103xb.o

.debug_loc      0x0000000000000000     0x3970
 .debug_loc     0x0000000000000000      0x19d build/stm32f1xx_hal.o
 .debug_loc     0x000000000000019d      0x68e build/stm32f1xx_hal_rcc.o
 .debug_loc     0x000000000000082b     0x19dd build/stm32f1xx_hal_uart.o
 .debug_loc     0x0000000000002208      0x63d build/stm32f1xx_hal_cortex.o
 .debug_loc     0x0000000000002845       0xe6 build/stm32f1xx_hal_msp.o
 .debug_loc     0x000000000000292b       0xdf build/system_stm32f1xx.o
 .debug_loc     0x0000000000002a0a      0x516 build/stm32f1xx_hal_gpio.o
 .debug_loc     0x0000000000002f20       0xf6 build/main.o
 .debug_loc     0x0000000000003016       0x80 build/stm32f1xx_it.o
 .debug_loc     0x0000000000003096      0x8da build/stm32f1xx_hal_dma.o

.debug_aranges  0x0000000000000000      0x5d8
 .debug_aranges
                0x0000000000000000       0xd0 build/stm32f1xx_hal.o
 .debug_aranges
                0x00000000000000d0       0x90 build/stm32f1xx_hal_rcc.o
 .debug_aranges
                0x0000000000000160      0x1d0 build/stm32f1xx_hal_uart.o
 .debug_aranges
                0x0000000000000330       0x90 build/stm32f1xx_hal_cortex.o
 .debug_aranges
                0x00000000000003c0       0x30 build/stm32f1xx_hal_msp.o
 .debug_aranges
                0x00000000000003f0       0x28 build/system_stm32f1xx.o
 .debug_aranges
                0x0000000000000418       0x58 build/stm32f1xx_hal_gpio.o
 .debug_aranges
                0x0000000000000470       0x48 build/main.o
 .debug_aranges
                0x00000000000004b8       0x78 build/stm32f1xx_it.o
 .debug_aranges
                0x0000000000000530       0x80 build/stm32f1xx_hal_dma.o
 .debug_aranges
                0x00000000000005b0       0x28 build/startup_stm32f103xb.o

.debug_ranges   0x0000000000000000      0x5b0
 .debug_ranges  0x0000000000000000       0xc0 build/stm32f1xx_hal.o
 .debug_ranges  0x00000000000000c0       0xa0 build/stm32f1xx_hal_rcc.o
 .debug_ranges  0x0000000000000160      0x1c0 build/stm32f1xx_hal_uart.o
 .debug_ranges  0x0000000000000320       0xe0 build/stm32f1xx_hal_cortex.o
 .debug_ranges  0x0000000000000400       0x20 build/stm32f1xx_hal_msp.o
 .debug_ranges  0x0000000000000420       0x18 build/system_stm32f1xx.o
 .debug_ranges  0x0000000000000438       0x48 build/stm32f1xx_hal_gpio.o
 .debug_ranges  0x0000000000000480       0x38 build/main.o
 .debug_ranges  0x00000000000004b8       0x68 build/stm32f1xx_it.o
 .debug_ranges  0x0000000000000520       0x70 build/stm32f1xx_hal_dma.o
 .debug_ranges  0x0000000000000590       0x20 build/startup_stm32f103xb.o

.debug_line     0x0000000000000000     0x3402
 .debug_line    0x0000000000000000      0x494 build/stm32f1xx_hal.o
 .debug_line    0x0000000000000494      0x5fb build/stm32f1xx_hal_rcc.o
 .debug_line    0x0000000000000a8f      0xc00 build/stm32f1xx_hal_uart.o
 .debug_line    0x000000000000168f      0x456 build/stm32f1xx_hal_cortex.o
 .debug_line    0x0000000000001ae5      0x361 build/stm32f1xx_hal_msp.o
 .debug_line    0x0000000000001e46      0x2bb build/system_stm32f1xx.o
 .debug_line    0x0000000000002101      0x48b build/stm32f1xx_hal_gpio.o
 .debug_line    0x000000000000258c      0x3e2 build/main.o
 .debug_line    0x000000000000296e      0x3b7 build/stm32f1xx_it.o
 .debug_line    0x0000000000002d25      0x66b build/stm32f1xx_hal_dma.o
 .debug_line    0x0000000000003390       0x72 build/startup_stm32f103xb.o

.debug_str      0x0000000000000000     0x206a
 .debug_str     0x0000000000000000      0xbae build/stm32f1xx_hal.o
                                        0xc36 (size before relaxing)
 .debug_str     0x0000000000000bae      0x375 build/stm32f1xx_hal_rcc.o
                                        0xa28 (size before relaxing)
 .debug_str     0x0000000000000f23      0x8c0 build/stm32f1xx_hal_uart.o
                                        0xf99 (size before relaxing)
 .debug_str     0x00000000000017e3      0x2d8 build/stm32f1xx_hal_cortex.o
                                        0xce4 (size before relaxing)
 .debug_str     0x0000000000001abb       0xa5 build/stm32f1xx_hal_msp.o
                                        0xe13 (size before relaxing)
 .debug_str     0x0000000000001b60       0x4a build/system_stm32f1xx.o
                                        0x6ba (size before relaxing)
 .debug_str     0x0000000000001baa      0x14c build/stm32f1xx_hal_gpio.o
                                        0x851 (size before relaxing)
 .debug_str     0x0000000000001cf6       0x7d build/main.o
                                        0xfd4 (size before relaxing)
 .debug_str     0x0000000000001d73       0xfa build/stm32f1xx_it.o
                                        0xaa9 (size before relaxing)
 .debug_str     0x0000000000001e6d      0x1d8 build/stm32f1xx_hal_dma.o
                                        0xa48 (size before relaxing)
 .debug_str     0x0000000000002045       0x25 build/startup_stm32f103xb.o
                                         0x7a (size before relaxing)

.comment        0x0000000000000000       0x7e
 .comment       0x0000000000000000       0x7e build/stm32f1xx_hal.o
                                         0x7f (size before relaxing)
 .comment       0x000000000000007e       0x7f build/stm32f1xx_hal_rcc.o
 .comment       0x000000000000007e       0x7f build/stm32f1xx_hal_uart.o
 .comment       0x000000000000007e       0x7f build/stm32f1xx_hal_cortex.o
 .comment       0x000000000000007e       0x7f build/stm32f1xx_hal_msp.o
 .comment       0x000000000000007e       0x7f build/system_stm32f1xx.o
 .comment       0x000000000000007e       0x7f build/stm32f1xx_hal_gpio.o
 .comment       0x000000000000007e       0x7f build/main.o
 .comment       0x000000000000007e       0x7f build/stm32f1xx_it.o
 .comment       0x000000000000007e       0x7f build/stm32f1xx_hal_dma.o

.debug_frame    0x0000000000000000      0xee0
 .debug_frame   0x0000000000000000      0x1c0 build/stm32f1xx_hal.o
 .debug_frame   0x00000000000001c0      0x194 build/stm32f1xx_hal_rcc.o
 .debug_frame   0x0000000000000354      0x57c build/stm32f1xx_hal_uart.o
 .debug_frame   0x00000000000008d0      0x13c build/stm32f1xx_hal_cortex.o
 .debug_frame   0x0000000000000a0c       0x74 build/stm32f1xx_hal_msp.o
 .debug_frame   0x0000000000000a80       0x30 build/system_stm32f1xx.o
 .debug_frame   0x0000000000000ab0       0xe8 build/stm32f1xx_hal_gpio.o
 .debug_frame   0x0000000000000b98       0xb4 build/main.o
 .debug_frame   0x0000000000000c4c      0x100 build/stm32f1xx_it.o
 .debug_frame   0x0000000000000d4c      0x168 build/stm32f1xx_hal_dma.o
 .debug_frame   0x0000000000000eb4       0x2c /usr/local/Caskroom/gcc-arm-embedded/7-2017-q4-major/gcc-arm-none-eabi-7-2017-q4-major/bin/../lib/gcc/arm-none-eabi/7.2.1/../../../../arm-none-eabi/lib/thumb/v7-m/libc_nano.a(lib_a-init.o)

Cross Reference Table

Symbol                                            File
ADC1_2_IRQHandler                                 build/startup_stm32f103xb.o
AHBPrescTable                                     build/system_stm32f1xx.o
                                                  build/stm32f1xx_hal_rcc.o
APBPrescTable                                     build/system_stm32f1xx.o
                                                  build/stm32f1xx_hal_rcc.o
BusFault_Handler                                  build/stm32f1xx_it.o
CAN1_RX1_IRQHandler                               build/startup_stm32f103xb.o
CAN1_SCE_IRQHandler                               build/startup_stm32f103xb.o
DMA1_Channel1_IRQHandler                          build/startup_stm32f103xb.o
DMA1_Channel2_IRQHandler                          build/startup_stm32f103xb.o
DMA1_Channel3_IRQHandler                          build/startup_stm32f103xb.o
DMA1_Channel4_IRQHandler                          build/stm32f1xx_it.o
DMA1_Channel5_IRQHandler                          build/stm32f1xx_it.o
DMA1_Channel6_IRQHandler                          build/startup_stm32f103xb.o
DMA1_Channel7_IRQHandler                          build/startup_stm32f103xb.o
DebugMon_Handler                                  build/stm32f1xx_it.o
Default_Handler                                   build/startup_stm32f103xb.o
EXTI0_IRQHandler                                  build/startup_stm32f103xb.o
EXTI15_10_IRQHandler                              build/startup_stm32f103xb.o
EXTI1_IRQHandler                                  build/startup_stm32f103xb.o
EXTI2_IRQHandler                                  build/startup_stm32f103xb.o
EXTI3_IRQHandler                                  build/startup_stm32f103xb.o
EXTI4_IRQHandler                                  build/startup_stm32f103xb.o
EXTI9_5_IRQHandler                                build/startup_stm32f103xb.o
FLASH_IRQHandler                                  build/startup_stm32f103xb.o
FLASH_PageErase                                   build/stm32f1xx_hal_flash_ex.o
                                                  build/stm32f1xx_hal_flash.o
FLASH_WaitForLastOperation                        build/stm32f1xx_hal_flash.o
                                                  build/stm32f1xx_hal_flash_ex.o
HAL_DBGMCU_DisableDBGSleepMode                    build/stm32f1xx_hal.o
HAL_DBGMCU_DisableDBGStandbyMode                  build/stm32f1xx_hal.o
HAL_DBGMCU_DisableDBGStopMode                     build/stm32f1xx_hal.o
HAL_DBGMCU_EnableDBGSleepMode                     build/stm32f1xx_hal.o
HAL_DBGMCU_EnableDBGStandbyMode                   build/stm32f1xx_hal.o
HAL_DBGMCU_EnableDBGStopMode                      build/stm32f1xx_hal.o
HAL_DMA_Abort                                     build/stm32f1xx_hal_dma.o
                                                  build/stm32f1xx_hal_uart.o
HAL_DMA_Abort_IT                                  build/stm32f1xx_hal_dma.o
                                                  build/stm32f1xx_hal_uart.o
HAL_DMA_DeInit                                    build/stm32f1xx_hal_dma.o
                                                  build/stm32f1xx_hal_msp.o
HAL_DMA_GetError                                  build/stm32f1xx_hal_dma.o
HAL_DMA_GetState                                  build/stm32f1xx_hal_dma.o
HAL_DMA_IRQHandler                                build/stm32f1xx_hal_dma.o
                                                  build/stm32f1xx_it.o
HAL_DMA_Init                                      build/stm32f1xx_hal_dma.o
                                                  build/stm32f1xx_hal_msp.o
HAL_DMA_PollForTransfer                           build/stm32f1xx_hal_dma.o
HAL_DMA_RegisterCallback                          build/stm32f1xx_hal_dma.o
HAL_DMA_Start                                     build/stm32f1xx_hal_dma.o
HAL_DMA_Start_IT                                  build/stm32f1xx_hal_dma.o
                                                  build/stm32f1xx_hal_uart.o
HAL_DMA_UnRegisterCallback                        build/stm32f1xx_hal_dma.o
HAL_DeInit                                        build/stm32f1xx_hal.o
HAL_Delay                                         build/stm32f1xx_hal.o
                                                  build/main.o
HAL_FLASHEx_Erase                                 build/stm32f1xx_hal_flash_ex.o
HAL_FLASHEx_Erase_IT                              build/stm32f1xx_hal_flash_ex.o
HAL_FLASHEx_OBErase                               build/stm32f1xx_hal_flash_ex.o
HAL_FLASHEx_OBGetConfig                           build/stm32f1xx_hal_flash_ex.o
HAL_FLASHEx_OBGetUserData                         build/stm32f1xx_hal_flash_ex.o
HAL_FLASHEx_OBProgram                             build/stm32f1xx_hal_flash_ex.o
HAL_FLASH_EndOfOperationCallback                  build/stm32f1xx_hal_flash.o
HAL_FLASH_GetError                                build/stm32f1xx_hal_flash.o
HAL_FLASH_IRQHandler                              build/stm32f1xx_hal_flash.o
HAL_FLASH_Lock                                    build/stm32f1xx_hal_flash.o
HAL_FLASH_OB_Launch                               build/stm32f1xx_hal_flash.o
HAL_FLASH_OB_Lock                                 build/stm32f1xx_hal_flash.o
HAL_FLASH_OB_Unlock                               build/stm32f1xx_hal_flash.o
HAL_FLASH_OperationErrorCallback                  build/stm32f1xx_hal_flash.o
HAL_FLASH_Program                                 build/stm32f1xx_hal_flash.o
HAL_FLASH_Program_IT                              build/stm32f1xx_hal_flash.o
HAL_FLASH_Unlock                                  build/stm32f1xx_hal_flash.o
HAL_GPIOEx_ConfigEventout                         build/stm32f1xx_hal_gpio_ex.o
HAL_GPIOEx_DisableEventout                        build/stm32f1xx_hal_gpio_ex.o
HAL_GPIOEx_EnableEventout                         build/stm32f1xx_hal_gpio_ex.o
HAL_GPIO_DeInit                                   build/stm32f1xx_hal_gpio.o
                                                  build/stm32f1xx_hal_msp.o
HAL_GPIO_EXTI_Callback                            build/stm32f1xx_hal_gpio.o
HAL_GPIO_EXTI_IRQHandler                          build/stm32f1xx_hal_gpio.o
HAL_GPIO_Init                                     build/stm32f1xx_hal_gpio.o
                                                  build/main.o
                                                  build/stm32f1xx_hal_msp.o
                                                  build/stm32f1xx_hal_rcc.o
HAL_GPIO_LockPin                                  build/stm32f1xx_hal_gpio.o
HAL_GPIO_ReadPin                                  build/stm32f1xx_hal_gpio.o
HAL_GPIO_TogglePin                                build/stm32f1xx_hal_gpio.o
                                                  build/main.o
HAL_GPIO_WritePin                                 build/stm32f1xx_hal_gpio.o
                                                  build/main.o
HAL_GetDEVID                                      build/stm32f1xx_hal.o
HAL_GetHalVersion                                 build/stm32f1xx_hal.o
HAL_GetREVID                                      build/stm32f1xx_hal.o
HAL_GetTick                                       build/stm32f1xx_hal.o
                                                  build/stm32f1xx_hal_dma.o
                                                  build/stm32f1xx_hal_flash.o
                                                  build/stm32f1xx_hal_rcc_ex.o
                                                  build/stm32f1xx_hal_uart.o
                                                  build/stm32f1xx_hal_rcc.o
HAL_GetTickFreq                                   build/stm32f1xx_hal.o
HAL_GetTickPrio                                   build/stm32f1xx_hal.o
HAL_GetUID                                        build/stm32f1xx_hal.o
HAL_HalfDuplex_EnableReceiver                     build/stm32f1xx_hal_uart.o
HAL_HalfDuplex_EnableTransmitter                  build/stm32f1xx_hal_uart.o
HAL_HalfDuplex_Init                               build/stm32f1xx_hal_uart.o
HAL_IncTick                                       build/stm32f1xx_hal.o
                                                  build/stm32f1xx_it.o
HAL_Init                                          build/stm32f1xx_hal.o
                                                  build/main.o
HAL_InitTick                                      build/stm32f1xx_hal.o
                                                  build/stm32f1xx_hal_rcc.o
HAL_LIN_Init                                      build/stm32f1xx_hal_uart.o
HAL_LIN_SendBreak                                 build/stm32f1xx_hal_uart.o
HAL_MspDeInit                                     build/stm32f1xx_hal.o
HAL_MspInit                                       build/stm32f1xx_hal_msp.o
                                                  build/stm32f1xx_hal.o
HAL_MultiProcessor_EnterMuteMode                  build/stm32f1xx_hal_uart.o
HAL_MultiProcessor_ExitMuteMode                   build/stm32f1xx_hal_uart.o
HAL_MultiProcessor_Init                           build/stm32f1xx_hal_uart.o
HAL_NVIC_ClearPendingIRQ                          build/stm32f1xx_hal_cortex.o
HAL_NVIC_DisableIRQ                               build/stm32f1xx_hal_cortex.o
                                                  build/stm32f1xx_hal_msp.o
HAL_NVIC_EnableIRQ                                build/stm32f1xx_hal_cortex.o
                                                  build/main.o
                                                  build/stm32f1xx_hal_msp.o
HAL_NVIC_GetActive                                build/stm32f1xx_hal_cortex.o
HAL_NVIC_GetPendingIRQ                            build/stm32f1xx_hal_cortex.o
HAL_NVIC_GetPriority                              build/stm32f1xx_hal_cortex.o
HAL_NVIC_GetPriorityGrouping                      build/stm32f1xx_hal_cortex.o
HAL_NVIC_SetPendingIRQ                            build/stm32f1xx_hal_cortex.o
HAL_NVIC_SetPriority                              build/stm32f1xx_hal_cortex.o
                                                  build/main.o
                                                  build/stm32f1xx_hal_msp.o
                                                  build/stm32f1xx_hal.o
HAL_NVIC_SetPriorityGrouping                      build/stm32f1xx_hal_cortex.o
                                                  build/stm32f1xx_hal_msp.o
                                                  build/stm32f1xx_hal.o
HAL_NVIC_SystemReset                              build/stm32f1xx_hal_cortex.o
                                                  build/stm32f1xx_hal_flash.o
HAL_PWR_ConfigPVD                                 build/stm32f1xx_hal_pwr.o
HAL_PWR_DeInit                                    build/stm32f1xx_hal_pwr.o
HAL_PWR_DisableBkUpAccess                         build/stm32f1xx_hal_pwr.o
HAL_PWR_DisablePVD                                build/stm32f1xx_hal_pwr.o
HAL_PWR_DisableSEVOnPend                          build/stm32f1xx_hal_pwr.o
HAL_PWR_DisableSleepOnExit                        build/stm32f1xx_hal_pwr.o
HAL_PWR_DisableWakeUpPin                          build/stm32f1xx_hal_pwr.o
HAL_PWR_EnableBkUpAccess                          build/stm32f1xx_hal_pwr.o
HAL_PWR_EnablePVD                                 build/stm32f1xx_hal_pwr.o
HAL_PWR_EnableSEVOnPend                           build/stm32f1xx_hal_pwr.o
HAL_PWR_EnableSleepOnExit                         build/stm32f1xx_hal_pwr.o
HAL_PWR_EnableWakeUpPin                           build/stm32f1xx_hal_pwr.o
HAL_PWR_EnterSLEEPMode                            build/stm32f1xx_hal_pwr.o
HAL_PWR_EnterSTANDBYMode                          build/stm32f1xx_hal_pwr.o
HAL_PWR_EnterSTOPMode                             build/stm32f1xx_hal_pwr.o
HAL_PWR_PVDCallback                               build/stm32f1xx_hal_pwr.o
HAL_PWR_PVD_IRQHandler                            build/stm32f1xx_hal_pwr.o
HAL_RCCEx_GetPeriphCLKConfig                      build/stm32f1xx_hal_rcc_ex.o
HAL_RCCEx_GetPeriphCLKFreq                        build/stm32f1xx_hal_rcc_ex.o
HAL_RCCEx_PeriphCLKConfig                         build/stm32f1xx_hal_rcc_ex.o
HAL_RCC_CSSCallback                               build/stm32f1xx_hal_rcc.o
HAL_RCC_ClockConfig                               build/stm32f1xx_hal_rcc.o
                                                  build/main.o
HAL_RCC_DeInit                                    build/stm32f1xx_hal_rcc.o
HAL_RCC_DisableCSS                                build/stm32f1xx_hal_rcc.o
HAL_RCC_EnableCSS                                 build/stm32f1xx_hal_rcc.o
HAL_RCC_GetClockConfig                            build/stm32f1xx_hal_rcc.o
HAL_RCC_GetHCLKFreq                               build/stm32f1xx_hal_rcc.o
                                                  build/main.o
HAL_RCC_GetOscConfig                              build/stm32f1xx_hal_rcc.o
HAL_RCC_GetPCLK1Freq                              build/stm32f1xx_hal_rcc.o
                                                  build/stm32f1xx_hal_uart.o
HAL_RCC_GetPCLK2Freq                              build/stm32f1xx_hal_rcc.o
                                                  build/stm32f1xx_hal_rcc_ex.o
                                                  build/stm32f1xx_hal_uart.o
HAL_RCC_GetSysClockFreq                           build/stm32f1xx_hal_rcc.o
HAL_RCC_MCOConfig                                 build/stm32f1xx_hal_rcc.o
HAL_RCC_NMI_IRQHandler                            build/stm32f1xx_hal_rcc.o
HAL_RCC_OscConfig                                 build/stm32f1xx_hal_rcc.o
                                                  build/main.o
HAL_ResumeTick                                    build/stm32f1xx_hal.o
HAL_SYSTICK_CLKSourceConfig                       build/stm32f1xx_hal_cortex.o
                                                  build/main.o
HAL_SYSTICK_Callback                              build/stm32f1xx_hal_cortex.o
HAL_SYSTICK_Config                                build/stm32f1xx_hal_cortex.o
                                                  build/main.o
                                                  build/stm32f1xx_hal.o
HAL_SYSTICK_IRQHandler                            build/stm32f1xx_hal_cortex.o
                                                  build/stm32f1xx_it.o
HAL_SetTickFreq                                   build/stm32f1xx_hal.o
HAL_SuspendTick                                   build/stm32f1xx_hal.o
HAL_UART_Abort                                    build/stm32f1xx_hal_uart.o
HAL_UART_AbortCpltCallback                        build/stm32f1xx_hal_uart.o
HAL_UART_AbortReceive                             build/stm32f1xx_hal_uart.o
HAL_UART_AbortReceiveCpltCallback                 build/stm32f1xx_hal_uart.o
HAL_UART_AbortReceive_IT                          build/stm32f1xx_hal_uart.o
HAL_UART_AbortTransmit                            build/stm32f1xx_hal_uart.o
HAL_UART_AbortTransmitCpltCallback                build/stm32f1xx_hal_uart.o
HAL_UART_AbortTransmit_IT                         build/stm32f1xx_hal_uart.o
HAL_UART_Abort_IT                                 build/stm32f1xx_hal_uart.o
HAL_UART_DMAPause                                 build/stm32f1xx_hal_uart.o
HAL_UART_DMAResume                                build/stm32f1xx_hal_uart.o
HAL_UART_DMAStop                                  build/stm32f1xx_hal_uart.o
HAL_UART_DeInit                                   build/stm32f1xx_hal_uart.o
HAL_UART_ErrorCallback                            build/stm32f1xx_hal_uart.o
HAL_UART_GetError                                 build/stm32f1xx_hal_uart.o
HAL_UART_GetState                                 build/stm32f1xx_hal_uart.o
                                                  build/main.o
HAL_UART_IRQHandler                               build/stm32f1xx_hal_uart.o
                                                  build/stm32f1xx_it.o
HAL_UART_Init                                     build/stm32f1xx_hal_uart.o
                                                  build/main.o
HAL_UART_MspDeInit                                build/stm32f1xx_hal_msp.o
                                                  build/stm32f1xx_hal_uart.o
HAL_UART_MspInit                                  build/stm32f1xx_hal_msp.o
                                                  build/stm32f1xx_hal_uart.o
HAL_UART_Receive                                  build/stm32f1xx_hal_uart.o
HAL_UART_Receive_DMA                              build/stm32f1xx_hal_uart.o
                                                  build/main.o
HAL_UART_Receive_IT                               build/stm32f1xx_hal_uart.o
HAL_UART_RxCpltCallback                           build/stm32f1xx_hal_uart.o
HAL_UART_RxHalfCpltCallback                       build/stm32f1xx_hal_uart.o
HAL_UART_Transmit                                 build/stm32f1xx_hal_uart.o
HAL_UART_Transmit_DMA                             build/stm32f1xx_hal_uart.o
                                                  build/main.o
HAL_UART_Transmit_IT                              build/stm32f1xx_hal_uart.o
HAL_UART_TxCpltCallback                           build/stm32f1xx_hal_uart.o
HAL_UART_TxHalfCpltCallback                       build/stm32f1xx_hal_uart.o
HardFault_Handler                                 build/stm32f1xx_it.o
I2C1_ER_IRQHandler                                build/startup_stm32f103xb.o
I2C1_EV_IRQHandler                                build/startup_stm32f103xb.o
I2C2_ER_IRQHandler                                build/startup_stm32f103xb.o
I2C2_EV_IRQHandler                                build/startup_stm32f103xb.o
MemManage_Handler                                 build/stm32f1xx_it.o
NMI_Handler                                       build/stm32f1xx_it.o
PVD_IRQHandler                                    build/startup_stm32f103xb.o
PendSV_Handler                                    build/stm32f1xx_it.o
RCC_IRQHandler                                    build/startup_stm32f103xb.o
RTC_Alarm_IRQHandler                              build/startup_stm32f103xb.o
RTC_IRQHandler                                    build/startup_stm32f103xb.o
Reset_Handler                                     build/startup_stm32f103xb.o
SPI1_IRQHandler                                   build/startup_stm32f103xb.o
SPI2_IRQHandler                                   build/startup_stm32f103xb.o
SVC_Handler                                       build/stm32f1xx_it.o
SysTick_Handler                                   build/stm32f1xx_it.o
SystemClock_Config                                build/main.o
SystemCoreClock                                   build/system_stm32f1xx.o
                                                  build/stm32f1xx_hal_rcc.o
                                                  build/stm32f1xx_hal.o
SystemCoreClockUpdate                             build/system_stm32f1xx.o
SystemInit                                        build/system_stm32f1xx.o
                                                  build/startup_stm32f103xb.o
TAMPER_IRQHandler                                 build/startup_stm32f103xb.o
TIM1_BRK_IRQHandler                               build/startup_stm32f103xb.o
TIM1_CC_IRQHandler                                build/startup_stm32f103xb.o
TIM1_TRG_COM_IRQHandler                           build/startup_stm32f103xb.o
TIM1_UP_IRQHandler                                build/startup_stm32f103xb.o
TIM2_IRQHandler                                   build/startup_stm32f103xb.o
TIM3_IRQHandler                                   build/startup_stm32f103xb.o
TIM4_IRQHandler                                   build/startup_stm32f103xb.o
TXBUFFERSIZE                                      build/main.o
USART1_IRQHandler                                 build/stm32f1xx_it.o
USART2_IRQHandler                                 build/startup_stm32f103xb.o
USART3_IRQHandler                                 build/startup_stm32f103xb.o
USBWakeUp_IRQHandler                              build/startup_stm32f103xb.o
USB_HP_CAN1_TX_IRQHandler                         build/startup_stm32f103xb.o
USB_LP_CAN1_RX0_IRQHandler                        build/startup_stm32f103xb.o
UsageFault_Handler                                build/stm32f1xx_it.o
WWDG_IRQHandler                                   build/startup_stm32f103xb.o
_Error_Handler                                    build/main.o
                                                  build/stm32f1xx_hal_msp.o
__bss_end__                                       /usr/local/Caskroom/gcc-arm-embedded/7-2017-q4-major/gcc-arm-none-eabi-7-2017-q4-major/bin/../lib/gcc/arm-none-eabi/7.2.1/../../../../arm-none-eabi/lib/thumb/v7-m/crt0.o
__bss_start__                                     /usr/local/Caskroom/gcc-arm-embedded/7-2017-q4-major/gcc-arm-none-eabi-7-2017-q4-major/bin/../lib/gcc/arm-none-eabi/7.2.1/../../../../arm-none-eabi/lib/thumb/v7-m/crt0.o
__call_exitprocs                                  /usr/local/Caskroom/gcc-arm-embedded/7-2017-q4-major/gcc-arm-none-eabi-7-2017-q4-major/bin/../lib/gcc/arm-none-eabi/7.2.1/../../../../arm-none-eabi/lib/thumb/v7-m/libc_nano.a(lib_a-exit.o)
__deregister_frame_info                           /usr/local/Caskroom/gcc-arm-embedded/7-2017-q4-major/gcc-arm-none-eabi-7-2017-q4-major/bin/../lib/gcc/arm-none-eabi/7.2.1/thumb/v7-m/crtbegin.o
__dso_handle                                      /usr/local/Caskroom/gcc-arm-embedded/7-2017-q4-major/gcc-arm-none-eabi-7-2017-q4-major/bin/../lib/gcc/arm-none-eabi/7.2.1/thumb/v7-m/crtbegin.o
__init_array_end                                  /usr/local/Caskroom/gcc-arm-embedded/7-2017-q4-major/gcc-arm-none-eabi-7-2017-q4-major/bin/../lib/gcc/arm-none-eabi/7.2.1/../../../../arm-none-eabi/lib/thumb/v7-m/libc_nano.a(lib_a-init.o)
__init_array_start                                /usr/local/Caskroom/gcc-arm-embedded/7-2017-q4-major/gcc-arm-none-eabi-7-2017-q4-major/bin/../lib/gcc/arm-none-eabi/7.2.1/../../../../arm-none-eabi/lib/thumb/v7-m/libc_nano.a(lib_a-init.o)
__libc_fini_array                                 /usr/local/Caskroom/gcc-arm-embedded/7-2017-q4-major/gcc-arm-none-eabi-7-2017-q4-major/bin/../lib/gcc/arm-none-eabi/7.2.1/../../../../arm-none-eabi/lib/thumb/v7-m/crt0.o
__libc_init_array                                 /usr/local/Caskroom/gcc-arm-embedded/7-2017-q4-major/gcc-arm-none-eabi-7-2017-q4-major/bin/../lib/gcc/arm-none-eabi/7.2.1/../../../../arm-none-eabi/lib/thumb/v7-m/libc_nano.a(lib_a-init.o)
                                                  build/startup_stm32f103xb.o
                                                  /usr/local/Caskroom/gcc-arm-embedded/7-2017-q4-major/gcc-arm-none-eabi-7-2017-q4-major/bin/../lib/gcc/arm-none-eabi/7.2.1/../../../../arm-none-eabi/lib/thumb/v7-m/crt0.o
__preinit_array_end                               /usr/local/Caskroom/gcc-arm-embedded/7-2017-q4-major/gcc-arm-none-eabi-7-2017-q4-major/bin/../lib/gcc/arm-none-eabi/7.2.1/../../../../arm-none-eabi/lib/thumb/v7-m/libc_nano.a(lib_a-init.o)
__preinit_array_start                             /usr/local/Caskroom/gcc-arm-embedded/7-2017-q4-major/gcc-arm-none-eabi-7-2017-q4-major/bin/../lib/gcc/arm-none-eabi/7.2.1/../../../../arm-none-eabi/lib/thumb/v7-m/libc_nano.a(lib_a-init.o)
__register_frame_info                             /usr/local/Caskroom/gcc-arm-embedded/7-2017-q4-major/gcc-arm-none-eabi-7-2017-q4-major/bin/../lib/gcc/arm-none-eabi/7.2.1/thumb/v7-m/crtbegin.o
__sf_fake_stderr                                  /usr/local/Caskroom/gcc-arm-embedded/7-2017-q4-major/gcc-arm-none-eabi-7-2017-q4-major/bin/../lib/gcc/arm-none-eabi/7.2.1/../../../../arm-none-eabi/lib/thumb/v7-m/libc_nano.a(lib_a-impure.o)
__sf_fake_stdin                                   /usr/local/Caskroom/gcc-arm-embedded/7-2017-q4-major/gcc-arm-none-eabi-7-2017-q4-major/bin/../lib/gcc/arm-none-eabi/7.2.1/../../../../arm-none-eabi/lib/thumb/v7-m/libc_nano.a(lib_a-impure.o)
__sf_fake_stdout                                  /usr/local/Caskroom/gcc-arm-embedded/7-2017-q4-major/gcc-arm-none-eabi-7-2017-q4-major/bin/../lib/gcc/arm-none-eabi/7.2.1/../../../../arm-none-eabi/lib/thumb/v7-m/libc_nano.a(lib_a-impure.o)
__stack                                           /usr/local/Caskroom/gcc-arm-embedded/7-2017-q4-major/gcc-arm-none-eabi-7-2017-q4-major/bin/../lib/gcc/arm-none-eabi/7.2.1/../../../../arm-none-eabi/lib/thumb/v7-m/crt0.o
_ebss                                             build/startup_stm32f103xb.o
_edata                                            build/startup_stm32f103xb.o
_estack                                           build/startup_stm32f103xb.o
_exit                                             /usr/local/Caskroom/gcc-arm-embedded/7-2017-q4-major/gcc-arm-none-eabi-7-2017-q4-major/bin/../lib/gcc/arm-none-eabi/7.2.1/../../../../arm-none-eabi/lib/thumb/v7-m/libnosys.a(_exit.o)
                                                  /usr/local/Caskroom/gcc-arm-embedded/7-2017-q4-major/gcc-arm-none-eabi-7-2017-q4-major/bin/../lib/gcc/arm-none-eabi/7.2.1/../../../../arm-none-eabi/lib/thumb/v7-m/libc_nano.a(lib_a-exit.o)
_fini                                             /usr/local/Caskroom/gcc-arm-embedded/7-2017-q4-major/gcc-arm-none-eabi-7-2017-q4-major/bin/../lib/gcc/arm-none-eabi/7.2.1/thumb/v7-m/crti.o
_global_impure_ptr                                /usr/local/Caskroom/gcc-arm-embedded/7-2017-q4-major/gcc-arm-none-eabi-7-2017-q4-major/bin/../lib/gcc/arm-none-eabi/7.2.1/../../../../arm-none-eabi/lib/thumb/v7-m/libc_nano.a(lib_a-impure.o)
                                                  /usr/local/Caskroom/gcc-arm-embedded/7-2017-q4-major/gcc-arm-none-eabi-7-2017-q4-major/bin/../lib/gcc/arm-none-eabi/7.2.1/../../../../arm-none-eabi/lib/thumb/v7-m/libc_nano.a(lib_a-exit.o)
_impure_ptr                                       /usr/local/Caskroom/gcc-arm-embedded/7-2017-q4-major/gcc-arm-none-eabi-7-2017-q4-major/bin/../lib/gcc/arm-none-eabi/7.2.1/../../../../arm-none-eabi/lib/thumb/v7-m/libc_nano.a(lib_a-impure.o)
_init                                             /usr/local/Caskroom/gcc-arm-embedded/7-2017-q4-major/gcc-arm-none-eabi-7-2017-q4-major/bin/../lib/gcc/arm-none-eabi/7.2.1/thumb/v7-m/crti.o
                                                  /usr/local/Caskroom/gcc-arm-embedded/7-2017-q4-major/gcc-arm-none-eabi-7-2017-q4-major/bin/../lib/gcc/arm-none-eabi/7.2.1/../../../../arm-none-eabi/lib/thumb/v7-m/libc_nano.a(lib_a-init.o)
_mainCRTStartup                                   /usr/local/Caskroom/gcc-arm-embedded/7-2017-q4-major/gcc-arm-none-eabi-7-2017-q4-major/bin/../lib/gcc/arm-none-eabi/7.2.1/../../../../arm-none-eabi/lib/thumb/v7-m/crt0.o
_sbss                                             build/startup_stm32f103xb.o
_sdata                                            build/startup_stm32f103xb.o
_sidata                                           build/startup_stm32f103xb.o
_start                                            /usr/local/Caskroom/gcc-arm-embedded/7-2017-q4-major/gcc-arm-none-eabi-7-2017-q4-major/bin/../lib/gcc/arm-none-eabi/7.2.1/../../../../arm-none-eabi/lib/thumb/v7-m/crt0.o
aRxBuffer                                         build/main.o
aTxBuffer                                         build/main.o
atexit                                            /usr/local/Caskroom/gcc-arm-embedded/7-2017-q4-major/gcc-arm-none-eabi-7-2017-q4-major/bin/../lib/gcc/arm-none-eabi/7.2.1/../../../../arm-none-eabi/lib/thumb/v7-m/crt0.o
exit                                              /usr/local/Caskroom/gcc-arm-embedded/7-2017-q4-major/gcc-arm-none-eabi-7-2017-q4-major/bin/../lib/gcc/arm-none-eabi/7.2.1/../../../../arm-none-eabi/lib/thumb/v7-m/libc_nano.a(lib_a-exit.o)
                                                  /usr/local/Caskroom/gcc-arm-embedded/7-2017-q4-major/gcc-arm-none-eabi-7-2017-q4-major/bin/../lib/gcc/arm-none-eabi/7.2.1/../../../../arm-none-eabi/lib/thumb/v7-m/crt0.o
g_pfnVectors                                      build/startup_stm32f103xb.o
hardware_init_hook                                /usr/local/Caskroom/gcc-arm-embedded/7-2017-q4-major/gcc-arm-none-eabi-7-2017-q4-major/bin/../lib/gcc/arm-none-eabi/7.2.1/../../../../arm-none-eabi/lib/thumb/v7-m/crt0.o
hdma_usart1_rx                                    build/main.o
                                                  build/stm32f1xx_it.o
                                                  build/stm32f1xx_hal_msp.o
hdma_usart1_tx                                    build/main.o
                                                  build/stm32f1xx_it.o
                                                  build/stm32f1xx_hal_msp.o
huart1                                            build/main.o
                                                  build/stm32f1xx_it.o
main                                              build/main.o
                                                  build/startup_stm32f103xb.o
                                                  /usr/local/Caskroom/gcc-arm-embedded/7-2017-q4-major/gcc-arm-none-eabi-7-2017-q4-major/bin/../lib/gcc/arm-none-eabi/7.2.1/../../../../arm-none-eabi/lib/thumb/v7-m/crt0.o
memset                                            /usr/local/Caskroom/gcc-arm-embedded/7-2017-q4-major/gcc-arm-none-eabi-7-2017-q4-major/bin/../lib/gcc/arm-none-eabi/7.2.1/../../../../arm-none-eabi/lib/thumb/v7-m/libc_nano.a(lib_a-memset.o)
                                                  /usr/local/Caskroom/gcc-arm-embedded/7-2017-q4-major/gcc-arm-none-eabi-7-2017-q4-major/bin/../lib/gcc/arm-none-eabi/7.2.1/../../../../arm-none-eabi/lib/thumb/v7-m/crt0.o
pFlash                                            build/stm32f1xx_hal_flash.o
                                                  build/stm32f1xx_hal_flash_ex.o
software_init_hook                                /usr/local/Caskroom/gcc-arm-embedded/7-2017-q4-major/gcc-arm-none-eabi-7-2017-q4-major/bin/../lib/gcc/arm-none-eabi/7.2.1/../../../../arm-none-eabi/lib/thumb/v7-m/crt0.o
uwTick                                            build/stm32f1xx_hal.o
uwTickFreq                                        build/stm32f1xx_hal.o
uwTickPrio                                        build/stm32f1xx_hal.o
